// Jest Snapshot v1, https://goo.gl/fbAQLP

exports[`AccordionNav renders 1`] = `
.emotion-0 {
  position: fixed;
  top: 0;
  left: 0;
  bottom: 0;
  z-index: 1;
  min-width: 0;
  width: 256px;
  max-height: 100vh;
  overflow-x: visible;
  overflow-y: auto;
  -webkit-transition: -webkit-transform .2s ease-out;
  transition: transform .2s ease-out;
  -webkit-transform: translate(-100%);
  -moz-transform: translate(-100%);
  -ms-transform: translate(-100%);
  transform: translate(-100%);
  background-color: background;
  -webkit-overflow-scrolling: touch;
}

@media screen and (min-width: 40em) {
  .emotion-0 {
    position: -webkit-sticky;
    positi