
// Jest Snapshot v1, https://goo.gl/fbAQLP

exports[`includes default options 1`] = `
{
  "fontSizes": [
    12.99603834169977,
    13.928809012737986,
    16,
    21.112126572366307,
    24.251465064166368,
    32,
  ],
  "fontWeights": {
    "body": "normal",
    "bold": "bold",
    "heading": "bold",
  },
  "fonts": {
    "body": "'georgia', serif",
    "heading": "-apple-system, 'BlinkMacSystemFont', 'Segoe UI', 'Roboto', 'Oxygen', 'Ubuntu', 'Cantarell', 'Fira Sans', 'Droid Sans', 'Helvetica Neue', sans-serif",
  },
  "lineHeights": {
    "body": 1.45,
    "heading": 1.1,
  },
  "space": [
    0,
    5.75,
    11.5,
    23,
    46,
    92,
    184,
  ],
  "styles": {
    "b": {
      "fontWeight": "bold",
    },
    "blockquote": {
      "margin": 0,
      "marginBottom": 3,
      "mx": 3,
      "padding": 0,
    },
    "code": {
      "fontSize": "85%",
    },
    "h1": {
      "fontFamily": "heading",
      "fontSize": 5,
      "fontWeight": "heading",
      "lineHeight": "heading",
      "margin": 0,
      "marginBottom": 3,
      "padding": 0,
    },
    "h2": {
      "fontFamily": "heading",
      "fontSize": 4,
      "fontWeight": "heading",
      "lineHeight": "heading",
      "margin": 0,
      "marginBottom": 3,
      "padding": 0,
    },
    "h3": {
      "fontFamily": "heading",
      "fontSize": 3,
      "fontWeight": "heading",
      "lineHeight": "heading",
      "margin": 0,
      "marginBottom": 3,
      "padding": 0,
    },
    "h4": {
      "fontFamily": "heading",
      "fontSize": 2,
      "fontWeight": "heading",
      "lineHeight": "heading",
      "margin": 0,
      "marginBottom": 3,
      "padding": 0,
    },
    "h5": {
      "fontFamily": "heading",
      "fontSize": 1,
      "fontWeight": "heading",
      "lineHeight": "heading",
      "margin": 0,
      "marginBottom": 3,
      "padding": 0,
    },
    "h6": {
      "fontFamily": "heading",
      "fontSize": 0,
      "fontWeight": "heading",
      "lineHeight": "heading",
      "margin": 0,
      "marginBottom": 3,
      "padding": 0,
    },
    "hr": {
      "border": 0,
      "borderBottom": "1px solid",
      "margin": 0,
      "marginBottom": 3,
      "mb": 3,
      "mt": "-1px",
      "padding": 0,
    },
    "img": {
      "margin": 0,
      "marginBottom": 3,
      "maxWidth": "100%",
      "padding": 0,
    },
    "li": {
      "mb": 2,
      "ol": {
        "ml": 3,
        "my": 2,
      },
      "p": {
        "mb": 2,
      },
      "pl": 0,
      "ul": {
        "ml": 3,
        "my": 2,
      },
    },
    "ol": {
      "listStyleImage": "none",
      "listStylePosition": "outside",
      "margin": 0,
      "marginBottom": 3,
      "ml": 3,
      "padding": 0,
    },
    "p": {
      "margin": 0,
      "marginBottom": 3,
      "padding": 0,
    },
    "pre": {
      "fontSize": "85%",
      "margin": 0,
      "marginBottom": 3,
      "padding": 3,
    },
    "root": {
      "fontFamily": "body",
      "fontSize": 2,
      "fontWeight": "body",
      "lineHeight": "body",
    },
    "strong": {
      "fontWeight": "bold",
    },
    "table": {
      "borderCollapse": "collapse",
      "margin": 0,
      "marginBottom": 3,
      "padding": 0,
      "width": "100%",
    },
    "td": {
      ":first-child": {
        "pl": 0,
      },
      ":last-child": {
        "pr": 0,
      },
      "borderBottom": "1px solid",
      "mt": "-1px",
      "px": 2,
      "py": 1,
      "textAlign": "left",
    },
    "th": {
      ":first-child": {
        "pl": 0,
      },
      ":last-child": {
        "pr": 0,
      },
      "borderBottom": "1px solid",
      "px": 2,
      "py": 1,
      "textAlign": "left",
    },
    "ul": {
      "listStyleImage": "none",
      "listStylePosition": "outside",
      "margin": 0,
      "marginBottom": 3,
      "ml": 3,
      "padding": 0,
    },
  },
  "typography": {
    "adjustFontSizeTo": [Function],
    "establishBaseline": [Function],
    "linesForFontSize": [Function],
    "options": {
      "baseFontSize": 16,
      "baseLineHeight": 1.45,
      "blockMarginBottom": 1,
      "bodyFontFamily": [
        "georgia",
        "serif",
      ],
      "bodyWeight": "normal",
      "boldWeight": "bold",
      "googleFonts": [],
      "headerFontFamily": [
        "-apple-system",
        "BlinkMacSystemFont",
        "Segoe UI",
        "Roboto",
        "Oxygen",
        "Ubuntu",
        "Cantarell",
        "Fira Sans",
        "Droid Sans",
        "Helvetica Neue",
        "sans-serif",
      ],
      "headerLineHeight": 1.1,
      "headerWeight": "bold",
      "includeNormalize": true,
      "scaleRatio": 2,
    },
    "rhythm": [Function],
  },
}
`;

exports[`snapshot alton: alton 1`] = `
{
  "fontSizes": [
    14.620543134412241,
    15.669910139330234,
    18,
    23.751142393912097,
    27.282898197187166,
    36,
  ],
  "fontWeights": {
    "body": 400,
    "bold": 700,
    "heading": 700,
  },
  "fonts": {
    "body": "'Open Sans', sans-serif",
    "heading": "'Domine', sans-serif",
  },
  "lineHeights": {
    "body": 1.45,
    "heading": 1.1,
  },
  "space": [
    0,
    5,
    10,
    20,
    40,
    80,
    160,
  ],
  "styles": {
    "b": {
      "fontWeight": "bold",
    },
    "blockquote": {
      "margin": 0,
      "marginBottom": 3,
      "mx": 3,
      "padding": 0,
    },
    "code": {
      "fontSize": "85%",
    },
    "h1": {
      "fontFamily": "heading",
      "fontSize": 5,
      "fontWeight": "heading",
      "lineHeight": "heading",
      "margin": 0,
      "marginBottom": 3,
      "padding": 0,
    },
    "h2": {
      "fontFamily": "heading",
      "fontSize": 4,
      "fontWeight": "heading",
      "lineHeight": "heading",
      "margin": 0,
      "marginBottom": 3,
      "padding": 0,
    },
    "h3": {
      "fontFamily": "heading",
      "fontSize": 3,
      "fontWeight": "heading",
      "lineHeight": "heading",
      "margin": 0,
      "marginBottom": 3,
      "padding": 0,
    },
    "h4": {
      "fontFamily": "heading",
      "fontSize": 2,
      "fontWeight": "heading",
      "lineHeight": "heading",
      "margin": 0,
      "marginBottom": 3,
      "padding": 0,
    },
    "h5": {
      "fontFamily": "heading",
      "fontSize": 1,
      "fontWeight": "heading",
      "lineHeight": "heading",
      "margin": 0,
      "marginBottom": 3,
      "padding": 0,
    },
    "h6": {
      "fontFamily": "heading",
      "fontSize": 0,
      "fontWeight": "heading",
      "lineHeight": "heading",
      "margin": 0,
      "marginBottom": 3,
      "padding": 0,
    },
    "hr": {
      "border": 0,
      "borderBottom": "1px solid",
      "margin": 0,
      "marginBottom": 3,
      "mb": 3,
      "mt": "-1px",
      "padding": 0,
    },
    "img": {
      "margin": 0,
      "marginBottom": 3,
      "maxWidth": "100%",
      "padding": 0,
    },
    "li": {
      "mb": 2,
      "ol": {
        "ml": 3,
        "my": 2,
      },
      "p": {
        "mb": 2,
      },
      "pl": 0,
      "ul": {
        "ml": 3,
        "my": 2,
      },
    },
    "ol": {
      "listStyleImage": "none",
      "listStylePosition": "outside",
      "margin": 0,
      "marginBottom": 3,
      "ml": 3,
      "padding": 0,
    },
    "p": {
      "margin": 0,
      "marginBottom": 3,
      "padding": 0,
    },
    "pre": {
      "fontSize": "85%",
      "margin": 0,
      "marginBottom": 3,
      "padding": 3,
    },
    "root": {
      "fontFamily": "body",
      "fontSize": 2,
      "fontWeight": "body",
      "lineHeight": "body",
    },
    "strong": {
      "fontWeight": "bold",
    },
    "table": {
      "borderCollapse": "collapse",
      "margin": 0,
      "marginBottom": 3,
      "padding": 0,
      "width": "100%",
    },
    "td": {
      ":first-child": {
        "pl": 0,
      },
      ":last-child": {
        "pr": 0,
      },
      "borderBottom": "1px solid",
      "mt": "-1px",
      "px": 2,
      "py": 1,
      "textAlign": "left",
    },
    "th": {
      ":first-child": {
        "pl": 0,
      },
      ":last-child": {
        "pr": 0,
      },
      "borderBottom": "1px solid",
      "px": 2,
      "py": 1,
      "textAlign": "left",
    },
    "ul": {
      "listStyleImage": "none",
      "listStylePosition": "outside",
      "margin": 0,
      "marginBottom": 3,
      "ml": 3,
      "padding": 0,
    },
  },
  "typography": {
    "adjustFontSizeTo": [Function],
    "establishBaseline": [Function],
    "linesForFontSize": [Function],
    "options": {
      "baseFontSize": 18,
      "baseLineHeight": 1.45,
      "blockMarginBottom": 0.8,
      "bodyFontFamily": [
        "Open Sans",
        "sans-serif",
      ],
      "bodyWeight": 400,
      "boldWeight": 700,
      "googleFonts": [
        {
          "name": "Domine",
          "styles": [
            "700",
          ],
        },
        {
          "name": "Open Sans",
          "styles": [
            "400",
            "400i",
            "700",
            "700i",
          ],
        },
      ],
      "headerFontFamily": [
        "Domine",
        "sans-serif",
      ],
      "headerLineHeight": 1.1,
      "headerWeight": 700,
      "includeNormalize": true,
      "scaleRatio": 2,
      "title": "Alton",
    },
    "rhythm": [Function],
  },
}
`;

exports[`snapshot anonymous: anonymous 1`] = `
{
  "fontSizes": [
    12.154524686917982,
    13.32085131842997,
    16,
    23.08319849451542,
    27.725793726205858,
    40,
  ],
  "fontWeights": {
    "body": 400,
    "bold": 700,
    "heading": 700,
  },
  "fonts": {
    "body": "'Anonymous Pro', 'Georgia', serif",
    "heading": "'Anonymous Pro', 'Georgia', serif",
  },
  "lineHeights": {
    "body": 1.5,
    "heading": 1.1,
  },
  "space": [
    0,
    6,
    12,
    24,
    48,
    96,
    192,
  ],
  "styles": {
    "b": {
      "fontWeight": "bold",
    },
    "blockquote": {
      "margin": 0,
      "marginBottom": 3,
      "mx": 3,
      "padding": 0,
    },
    "code": {
      "fontSize": "85%",
    },
    "h1": {
      "fontFamily": "heading",
      "fontSize": 5,
      "fontWeight": "heading",
      "lineHeight": "heading",
      "margin": 0,
      "marginBottom": 3,
      "padding": 0,
    },
    "h2": {
      "fontFamily": "heading",
      "fontSize": 4,
      "fontWeight": "heading",
      "lineHeight": "heading",
      "margin": 0,
      "marginBottom": 3,
      "padding": 0,
    },
    "h3": {
      "fontFamily": "heading",
      "fontSize": 3,
      "fontWeight": "heading",
      "lineHeight": "heading",
      "margin": 0,
      "marginBottom": 3,
      "padding": 0,
    },
    "h4": {
      "fontFamily": "heading",
      "fontSize": 2,
      "fontWeight": "heading",
      "lineHeight": "heading",
      "margin": 0,
      "marginBottom": 3,
      "padding": 0,
    },
    "h5": {
      "fontFamily": "heading",
      "fontSize": 1,
      "fontWeight": "heading",
      "lineHeight": "heading",
      "margin": 0,
      "marginBottom": 3,
      "padding": 0,
    },
    "h6": {
      "fontFamily": "heading",
      "fontSize": 0,
      "fontWeight": "heading",
      "lineHeight": "heading",
      "margin": 0,
      "marginBottom": 3,
      "padding": 0,
    },
    "hr": {
      "border": 0,
      "borderBottom": "1px solid",
      "margin": 0,
      "marginBottom": 3,
      "mb": 3,
      "mt": "-1px",
      "padding": 0,
    },
    "img": {
      "margin": 0,
      "marginBottom": 3,
      "maxWidth": "100%",
      "padding": 0,
    },
    "li": {
      "mb": 2,
      "ol": {
        "ml": 3,
        "my": 2,
      },
      "p": {
        "mb": 2,
      },
      "pl": 0,
      "ul": {
        "ml": 3,
        "my": 2,
      },
    },
    "ol": {
      "listStyleImage": "none",
      "listStylePosition": "outside",
      "margin": 0,
      "marginBottom": 3,
      "ml": 3,
      "padding": 0,
    },
    "p": {
      "margin": 0,
      "marginBottom": 3,
      "padding": 0,
    },
    "pre": {
      "fontSize": "85%",
      "margin": 0,
      "marginBottom": 3,
      "padding": 3,
    },
    "root": {
      "fontFamily": "body",
      "fontSize": 2,
      "fontWeight": "body",
      "lineHeight": "body",
    },
    "strong": {
      "fontWeight": "bold",
    },
    "table": {
      "borderCollapse": "collapse",
      "margin": 0,
      "marginBottom": 3,
      "padding": 0,
      "width": "100%",
    },
    "td": {
      ":first-child": {
        "pl": 0,
      },
      ":last-child": {
        "pr": 0,
      },
      "borderBottom": "1px solid",
      "mt": "-1px",
      "px": 2,
      "py": 1,
      "textAlign": "left",
    },
    "th": {
      ":first-child": {
        "pl": 0,
      },
      ":last-child": {
        "pr": 0,
      },
      "borderBottom": "1px solid",
      "px": 2,
      "py": 1,
      "textAlign": "left",
    },
    "ul": {
      "listStyleImage": "none",
      "listStylePosition": "outside",
      "margin": 0,
      "marginBottom": 3,
      "ml": 3,
      "padding": 0,
    },
  },
  "typography": {
    "adjustFontSizeTo": [Function],
    "establishBaseline": [Function],
    "linesForFontSize": [Function],
    "options": {
      "baseFontSize": 16,
      "baseLineHeight": 1.5,
      "blockMarginBottom": 1,
      "bodyFontFamily": [
        "Anonymous Pro",
        "Georgia",
        "serif",
      ],
      "bodyWeight": 400,
      "boldWeight": 700,
      "googleFonts": [
        {
          "name": "Anonymous Pro",
          "styles": [
            "400",
            "400i",
            "700",
            "700i",
          ],
        },
      ],
      "headerFontFamily": [
        "Anonymous Pro",
        "Georgia",
        "serif",
      ],
      "headerLineHeight": 1.1,
      "headerWeight": 700,
      "includeNormalize": true,
      "scaleRatio": 2.5,
      "title": "Anonymous",
    },
    "rhythm": [Function],
  },
}
`;

exports[`snapshot bootstrap: bootstrap 1`] = `
{
  "fontSizes": [
    12.544842906929851,
    13.604528006675102,
    16,
    22.13058987556147,
    26.027322508744767,
    36,
  ],
  "fontWeights": {
    "body": 400,
    "bold": "bold",
    "heading": 500,
  },
  "fonts": {
    "body": "-apple-system, 'BlinkMacSystemFont', 'Segoe UI', 'Roboto', 'Oxygen', 'Ubuntu', 'Cantarell', 'Fira Sans', 'Droid Sans', 'Helvetica Neue', sans-serif",
    "heading": "-apple-system, 'BlinkMacSystemFont', 'Segoe UI', 'Roboto', 'Oxygen', 'Ubuntu', 'Cantarell', 'Fira Sans', 'Droid Sans', 'Helvetica Neue', sans-serif",
  },
  "lineHeights": {
    "body": 1.5,
    "heading": 1.1,
  },
  "space": [
    0,
    6,
    12,
    24,
    48,
    96,
    192,
  ],
  "styles": {
    "b": {
      "fontWeight": "bold",
    },
    "blockquote": {
      "margin": 0,
      "marginBottom": 3,
      "mx": 3,
      "padding": 0,